ï¿½ï¿½ï¿½ï¿½ï¿½2: SPI Speed      : 40MHz[0m
[0;32mI (44) boot.esï¿½ets Jun  8 2016 00:22:57

rst:0x1 (POWERON_RESET),boot:0x13 (SPI_FAST_FLASH_BOOT)
configsip: 0, SPIWP:0xee
clk_drv:0x00,q_drv:0x00,d_drv:0x00,cs0_drv:0x00,hd_drv:0x00,wp_drv:0x00
mode:DIO, clock div:2
load:0x3fff0030,len:7172
load:0x40078000,len:15540
load:0x40080400,len:4
ho 8 tail 4 room 4
load:0x40080404,len:3904
entry 0x40080640
[0;32mI (30) boot: ESP-IDF v5.2.2-dirty 2nd stage bootloader[0m
[0;32mI (30) boot: compile time Oct 15 2024 18:28:55[0m
[0;32mI (31) boot: Multicore bootloader[0m
[0;32mI (35) boot: chip revision: v1.0[0m
[0;32mI (39) boot.esp32: SPI Speed      : 40MHz[0m
[0;32mI (44) boot.esp32: SPI Mode       : DIO[0m
[0;32mI (48) boot.esp32: SPI Flash Size : 2MB[0m
[0;32mI (53) boot: Enabling RNG early entropy source...[0m
[0;32mI (58) boot: Partition Table:[0m
[0;32mI (62) boot: ## Label            Usage          Type ST Offset   Length[0m
[0;32mI (69) boot:  0 nvs              WiFi data        01 02 00009000 00006000[0m
[0;32mI (76) boot:  1 phy_init         RF data          01 01 0000f000 00001000[0m
[0;32mI (84) boot:  2 factory          factory app      00 00 00010000 00100000[0m
[0;32mI (91) boot: End of partition table[0m
[0;32mI (96) esp_image: segment 0: paddr=00010020 vaddr=3f400020 size=26530h (156976) map[0m
[0;32mI (158) esp_image: segment 1: paddr=00036558 vaddr=3ffb0000 size=03bdch ( 15324) load[0m
[0;32mI (164) esp_image: segment 2: paddr=0003a13c vaddr=40080000 size=05edch ( 24284) load[0m
[0;32mI (174) esp_image: segment 3: paddr=00040020 vaddr=400d0020 size=a3234h (668212) map[0m
[0;32mI (403) esp_image: segment 4: paddr=000e325c vaddr=40085edc size=10ab0h ( 68272) load[0m
[0;32mI (441) boot: Loaded app from partition at offset 0x10000[0m
[0;32mI (441) boot: Disabling RNG early entropy source...[0m
[0;32mI (453) cpu_start: Multicore app[0m
[0;32mI (461) cpu_start: Pro cpu start user code[0m
[0;32mI (461) cpu_start: cpu freq: 160000000 Hz[0m
[0;32mI (462) cpu_start: Application information:[0m
[0;32mI (464) cpu_start: Project name:     mqtt_tcp[0m
[0;32mI (470) cpu_start: App version:      1[0m
[0;32mI (474) cpu_start: Compile time:     Jan 16 2025 17:47:43[0m
[0;32mI (480) cpu_start: ELF file SHA256:  1d6570046...[0m
[0;32mI (485) cpu_start: ESP-IDF:          v5.2.2-dirty[0m
[0;32mI (491) cpu_start: Min chip rev:     v0.0[0m
[0;32mI (495) cpu_start: Max chip rev:     v3.99 [0m
[0;32mI (500) cpu_start: Chip rev:         v1.0[0m
[0;32mI (505) heap_init: Initializing. RAM available for dynamic allocation:[0m
[0;32mI (512) heap_init: At 3FFAE6E0 len 00001920 (6 KiB): DRAM[0m
[0;32mI (518) heap_init: At 3FFB82B0 len 00027D50 (159 KiB): DRAM[0m
[0;32mI (525) heap_init: At 3FFE0440 len 00003AE0 (14 KiB): D/IRAM[0m
[0;32mI (531) heap_init: At 3FFE4350 len 0001BCB0 (111 KiB): D/IRAM[0m
[0;32mI (537) heap_init: At 4009698C len 00009674 (37 KiB): IRAM[0m
[0;32mI (545) spi_flash: detected chip: generic[0m
[0;32mI (548) spi_flash: flash io: dio[0m
[0;33mW (552) spi_flash: Detected size(4096k) larger than the size in the binary image header(2048k). Using the size in the binary image header.[0m
[0;33mW (565) ADC: legacy driver is deprecated, please migrate to `esp_adc/adc_oneshot.h`[0m
[0;32mI (574) main_task: Started on CPU0[0m
[0;32mI (584) main_task: Calling app_main()[0m
[0;32mI (584) gpio: GPIO[12]| InputEn: 0| OutputEn: 0| OpenDrain: 0| Pullup: 1| Pulldown: 0| Intr:0 [0m
[0;32mI (584) gpio: GPIO[12]| InputEn: 0| OutputEn: 0| OpenDrain: 0| Pullup: 1| Pulldown: 0| Intr:0 [0m
eFuse Two Point: NOT supported
eFuse Vref: Supported
Characterized using eFuse Vref
[0;32mI (604) mqtt_example: [APP] Startup..[0m
[0;32mI (604) mqtt_example: [APP] Free memory: 278252 bytes[0m
[0;32mI (614) mqtt_example: [APP] IDF version: v5.2.2-dirty[0m
[0;32mI (664) example_connect: Start example_connect.[0m
[0;32mI (674) wifi:wifi driver task: 3ffc001c, prio:23, stack:6656, core=0[0m
[0;32mI (694) wifi:wifi firmware version: 3e0076f[0m
[0;32mI (694) wifi:wifi certification version: v7.0[0m
[0;32mI (694) wifi:config NVS flash: enabled[0m
[0;32mI (694) wifi:config nano formating: disabled[0m
[0;32mI (694) wifi:Init data frame dynamic rx buffer num: 32[0m
[0;32mI (694) wifi:Init static rx mgmt buffer num: 5[0m
[0;32mI (704) wifi:Init management short buffer num: 32[0m
[0;32mI (704) wifi:Init dynamic tx buffer num: 32[0m
[0;32mI (714) wifi:Init static rx buffer size: 1600[0m
[0;32mI (714) wifi:Init static rx buffer num: 10[0m
[0;32mI (714) wifi:Init dynamic rx buffer num: 32[0m
[0;32mI (724) wifi_init: rx ba win: 6[0m
[0;32mI (724) wifi_init: tcpip mbox: 32[0m
[0;32mI (734) wifi_init: udp mbox: 6[0m
[0;32mI (734) wifi_init: tcp mbox: 6[0m
[0;32mI (734) wifi_init: tcp tx win: 5760[0m
[0;32mI (744) wifi_init: tcp rx win: 5760[0m
[0;32mI (744) wifi_init: tcp mss: 1440[0m
[0;32mI (754) wifi_init: WiFi IRAM OP enabled[0m
[0;32mI (754) wifi_init: WiFi RX IRAM OP enabled[0m
[0;32mI (764) phy_init: phy_version 4791,2c4672b,Dec 20 2023,16:06:06[0m
[0;32mI (854) wifi:mode : sta (24:6f:28:7c:20:7c)[0m
[0;32mI (854) wifi:enable tsf[0m
[0;32mI (854) example_connect: Connecting to Luis Cris y Alvaro...[0m
[0;32mI (854) example_connect: Waiting for IP(s)[0m
[0;32mI (3524) wifi:new:<13,0>, old:<1,0>, ap:<255,255>, sta:<13,0>, prof:13[0m
[0;32mI (3524) wifi:state: init -> auth (b0)[0m
[0;32mI (3524) wifi:state: auth -> assoc (0)[0m
[0;32mI (3534) wifi:state: assoc -> run (10)[0m
[0;32mI (3554) wifi:<ba-add>idx:0 (ifx:0, d4:60:e3:2e:4b:11), tid:0, ssn:0, winSize:64[0m
[0;32mI (3574) wifi:connected with Luis Cris y Alvaro, aid = 8, channel 13, BW20, bssid = d4:60:e3:2e:4b:11[0m
[0;32mI (3574) wifi:security: WPA2-PSK, phy: bgn, rssi: -65[0m
[0;32mI (3574) wifi:pm start, type: 1[0m

[0;32mI (3574) wifi:dp: 1, bi: 102400, li: 3, scale listen interval from 307200 us to 307200 us[0m
[0;32mI (3624) wifi:AP's beacon interval = 102400 us, DTIM period = 1[0m
[0;32mI (4664) example_connect: Got IPv6 event: Interface "example_netif_sta" address: fe80:0000:0000:0000:266f:28ff:fe7c:207c, type: ESP_IP6_ADDR_IS_LINK_LOCAL[0m
[0;32mI (7584) esp_netif_handlers: example_netif_sta ip: 192.168.0.30, mask: 255.255.255.0, gw: 192.168.0.1[0m
[0;32mI (7584) example_connect: Got IPv4 event: Interface "example_netif_sta" address: 192.168.0.30[0m
[0;32mI (7594) example_common: Connected to example_netif_sta[0m
[0;32mI (7594) example_common: - IPv4 address: 192.168.0.30,[0m
[0;32mI (7604) example_common: - IPv6 address: fe80:0000:0000:0000:266f:28ff:fe7c:207c, type: ESP_IP6_ADDR_IS_LINK_LOCAL[0m
[0;32mI (7614) mqtt_example: Event dispatched from event loop base=MQTT_EVENTS, event_id=7[0m
[0;32mI (7624) mqtt_example: Other event id:7[0m
[0;32mI (8034) mqtt_example: Event dispatched from event loop base=MQTT_EVENTS, event_id=1[0m
[0;32mI (8034) mqtt_example: MQTT_EVENT_CONNECTED[0m
Raw: 0	[0;32mI (10804) mqtt_example: Event dispatched from event loop base=MQTT_EVENTS, event_id=5[0m
[0;32mI (10804) mqtt_example: MQTT_EVENT_PUBLISHED, msg_id=5170[0m
Raw: 0	[0;32mI (13764) mqtt_example: Event dispatched from event loop base=MQTT_EVENTS, event_id=5[0m
[0;32mI (13774) mqtt_example: MQTT_EVENT_PUBLISHED, msg_id=15576[0m
Raw: 0	[0;32mI (16844) mqtt_example: Event dispatched from event loop base=MQTT_EVENTS, event_id=5[0m
[0;32mI (16844) mqtt_example: MQTT_EVENT_PUBLISHED, msg_id=60531[0m
Raw: 0	[0;32mI (19814) mqtt_example: Event dispatched from event loop base=MQTT_EVENTS, event_id=5[0m
[0;32mI (19814) mqtt_example: MQTT_EVENT_PUBLISHED, msg_id=61525[0m
Raw: 0	[0;32mI (22784) mqtt_example: Event dispatched from event loop base=MQTT_EVENTS, event_id=5[0m
[0;32mI (22784) mqtt_example: MQTT_EVENT_PUBLISHED, msg_id=29952[0m
Raw: 0	[0;32mI (25754) mqtt_example: Event dispatched from event loop base=MQTT_EVENTS, event_id=5[0m
[0;32mI (25754) mqtt_example: MQTT_EVENT_PUBLISHED, msg_id=57998[0m
Raw: 0	[0;32mI (28824) mqtt_example: Event dispatched from event loop base=MQTT_EVENTS, event_id=5[0m
[0;32mI (28824) mqtt_example: MQTT_EVENT_PUBLISHED, msg_id=57165[0m
Raw: 0	[0;32mI (31794) mqtt_example: Event dispatched from event loop base=MQTT_EVENTS, event_id=5[0m
[0;32mI (31794) mqtt_example: MQTT_EVENT_PUBLISHED, msg_id=45534[0m
Raw: 4095	[0;32mI (34764) mqtt_example: Event dispatched from event loop base=MQTT_EVENTS, event_id=5[0m
[0;32mI (34764) mqtt_example: MQTT_EVENT_PUBLISHED, msg_id=65119[0m
Raw: 0	[0;32mI (37834) mqtt_example: Event dispatched from event loop base=MQTT_EVENTS, event_id=5[0m
[0;32mI (37834) mqtt_example: MQTT_EVENT_PUBLISHED, msg_id=9510[0m
Raw: 0	[0;32mI (40804) mqtt_example: Event dispatched from event loop base=MQTT_EVENTS, event_id=5[0m
[0;32mI (40804) mqtt_example: MQTT_EVENT_PUBLISHED, msg_id=56100[0m
Raw: 0	[0;32mI (43774) mqtt_example: Event dispatched from event loop base=MQTT_EVENTS, event_id=5[0m
[0;32mI (43774) mqtt_example: MQTT_EVENT_PUBLISHED, msg_id=41484[0m
Raw: 0	[0;32mI (46744) mqtt_example: Event dispatched from event loop base=MQTT_EVENTS, event_id=5[0m
[0;32mI (46744) mqtt_example: MQTT_EVENT_PUBLISHED, msg_id=43292[0m
Raw: 0	[0;32mI (49814) mqtt_example: Event dispatched from event loop base=MQTT_EVENTS, event_id=5[0m
[0;32mI (49814) mqtt_example: MQTT_EVENT_PUBLISHED, msg_id=7993[0m
Raw: 0	[0;32mI (52784) mqtt_example: Event dispatched from event loop base=MQTT_EVENTS, event_id=5[0m
[0;32mI (52784) mqtt_example: MQTT_EVENT_PUBLISHED, msg_id=15362[0m
